main.c:88:6:toggleAllRed	8	static
main.c:98:6:toggleAllGreen	8	static
main.c:108:6:toggleAllYellow	8	static
main.c:118:6:setRedAGreenB	8	static
main.c:128:6:setRedAYellowB	8	static
main.c:138:6:setGreenARedB	8	static
main.c:148:6:setYellowARedB	8	static
main.c:159:6:OffAllLed	8	static
main.c:170:6:offGreenYellow	8	static
main.c:178:6:offGreenRed	8	static
main.c:186:6:offRedYellow	8	static
main.c:194:6:display7SEG_horizontal	16	static
main.c:291:6:display7SEG_vertical	16	static
main.c:388:6:update7SEG	16	static
main.c:413:6:updateBuffer	4	static
main.c:428:6:countdown7SEG	16	static
main.c:455:6:led7SEG_YR	8	static
main.c:490:6:led7SEG_GR	8	static
main.c:524:6:led7SEG_RY	8	static
main.c:558:6:led7SEG_RG	8	static
main.c:592:6:display7SEG	8	static
main.c:621:6:fsm_automatic	8	static
main.c:678:6:modifyMode	16	static
main.c:712:6:fsm_manual	8	static
main.c:824:5:main	8	static
main.c:871:6:SystemClock_Config	72	static
main.c:907:13:MX_TIM2_Init	32	static
main.c:952:13:MX_GPIO_Init	32	static
main.c:981:6:HAL_TIM_PeriodElapsedCallback	16	static
main.c:992:6:Error_Handler	4	static,ignoring_inline_asm
