traffic_light.c:13:6:toggleLedRed	8	static
traffic_light.c:17:6:toggleAllRed	8	static
traffic_light.c:27:6:toggleAllGreen	8	static
traffic_light.c:37:6:toggleAllYellow	8	static
traffic_light.c:47:6:setRedAGreenB	8	static
traffic_light.c:57:6:setRedAYellowB	8	static
traffic_light.c:67:6:setGreenARedB	8	static
traffic_light.c:77:6:setYellowARedB	8	static
traffic_light.c:88:6:OffAllLed	8	static
traffic_light.c:99:6:offGreenYellow	8	static
traffic_light.c:107:6:offGreenRed	8	static
traffic_light.c:115:6:offRedYellow	8	static
